Collecting chatterbox-tts
  Using cached chatterbox_tts-0.1.6-py3-none-any.whl.metadata (11 kB)
Collecting numpy<1.26.0,>=1.24.0 (from chatterbox-tts)
  Using cached numpy-1.25.2.tar.gz (10.8 MB)
  Installing build dependencies: started
  Installing build dependencies: finished with status 'done'
  Getting requirements to build wheel: started
  Getting requirements to build wheel: finished with status 'error'
  error: subprocess-exited-with-error
  
  Getting requirements to build wheel did not run successfully.
  exit code: 1
  
  [32 lines of output]
  Traceback (most recent call last):
    File "C:\Users\PC\AppData\Local\Programs\Python\Python313\Lib\site-packages\pip\_vendor\pyproject_hooks\_in_process\_in_process.py", line 389, in <module>
      main()
      ~~~~^^
    File "C:\Users\PC\AppData\Local\Programs\Python\Python313\Lib\site-packages\pip\_vendor\pyproject_hooks\_in_process\_in_process.py", line 373, in main
      json_out["return_val"] = hook(**hook_input["kwargs"])
                               ~~~~^^^^^^^^^^^^^^^^^^^^^^^^
    File "C:\Users\PC\AppData\Local\Programs\Python\Python313\Lib\site-packages\pip\_vendor\pyproject_hooks\_in_process\_in_process.py", line 137, in get_requires_for_build_wheel
      backend = _build_backend()
    File "C:\Users\PC\AppData\Local\Programs\Python\Python313\Lib\site-packages\pip\_vendor\pyproject_hooks\_in_process\_in_process.py", line 70, in _build_backend
      obj = import_module(mod_path)
    File "C:\Users\PC\AppData\Local\Programs\Python\Python313\Lib\importlib\__init__.py", line 88, in import_module
      return _bootstrap._gcd_import(name[level:], package, level)
             ~~~~~~~~~~~~~~~~~~~~~~^^^^^^^^^^^^^^^^^^^^^^^^^^^^^^
    File "<frozen importlib._bootstrap>", line 1387, in _gcd_import
    File "<frozen importlib._bootstrap>", line 1360, in _find_and_load
    File "<frozen importlib._bootstrap>", line 1310, in _find_and_load_unlocked
    File "<frozen importlib._bootstrap>", line 488, in _call_with_frames_removed
    File "<frozen importlib._bootstrap>", line 1387, in _gcd_import
    File "<frozen importlib._bootstrap>", line 1360, in _find_and_load
    File "<frozen importlib._bootstrap>", line 1331, in _find_and_load_unlocked
    File "<frozen importlib._bootstrap>", line 935, in _load_unlocked
    File "<frozen importlib._bootstrap_external>", line 1026, in exec_module
    File "<frozen importlib._bootstrap>", line 488, in _call_with_frames_removed
    File "C:\Users\PC\AppData\Local\Temp\pip-build-env-95aa7baf\overlay\Lib\site-packages\setuptools\__init__.py", line 16, in <module>
      import setuptools.version
    File "C:\Users\PC\AppData\Local\Temp\pip-build-env-95aa7baf\overlay\Lib\site-packages\setuptools\version.py", line 1, in <module>
      import pkg_resources
    File "C:\Users\PC\AppData\Local\Temp\pip-build-env-95aa7baf\overlay\Lib\site-packages\pkg_resources\__init__.py", line 2172, in <module>
      register_finder(pkgutil.ImpImporter, find_on_path)
                      ^^^^^^^^^^^^^^^^^^^
  AttributeError: module 'pkgutil' has no attribute 'ImpImporter'. Did you mean: 'zipimporter'?
  [end of output]
  
  note: This error originates from a subprocess, and is likely not a problem with pip.

[notice] A new release of pip is available: 25.1.1 -> 26.0.1
[notice] To update, run: python.exe -m pip install --upgrade pip
error: subprocess-exited-with-error

Getting requirements to build wheel did not run successfully.
exit code: 1

See above for output.

note: This error originates from a subprocess, and is likely not a problem with pip.
